2026-01-27 11:02:52,444:WARNING:
'cuml' is a soft dependency and not included in the pycaret installation. Please run: `pip install cuml` to install.
2026-01-27 11:02:52,444:WARNING:
'cuml' is a soft dependency and not included in the pycaret installation. Please run: `pip install cuml` to install.
2026-01-27 11:02:52,444:WARNING:
'cuml' is a soft dependency and not included in the pycaret installation. Please run: `pip install cuml` to install.
2026-01-27 11:02:52,444:WARNING:
'cuml' is a soft dependency and not included in the pycaret installation. Please run: `pip install cuml` to install.
2026-01-27 11:02:57,930:INFO:PyCaret ClassificationExperiment
2026-01-27 11:02:57,930:INFO:Logging name: clf-default-name
2026-01-27 11:02:57,930:INFO:ML Usecase: MLUsecase.CLASSIFICATION
2026-01-27 11:02:57,930:INFO:version 3.3.2
2026-01-27 11:02:57,930:INFO:Initializing setup()
2026-01-27 11:02:57,930:INFO:self.USI: 3e42
2026-01-27 11:02:57,930:INFO:self._variable_keys: {'fold_groups_param', 'pipeline', '_available_plots', 'is_multiclass', 'seed', 'X', 'memory', 'y_train', 'exp_id', 'X_train', 'logging_param', 'data', 'idx', 'y_test', 'X_test', 'target_param', 'fold_generator', '_ml_usecase', 'USI', 'exp_name_log', 'gpu_n_jobs_param', 'fold_shuffle_param', 'log_plots_param', 'fix_imbalance', 'html_param', 'n_jobs_param', 'gpu_param', 'y'}
2026-01-27 11:02:57,930:INFO:Checking environment
2026-01-27 11:02:57,930:INFO:python_version: 3.10.10
2026-01-27 11:02:57,930:INFO:python_build: ('tags/v3.10.10:aad5f6a', 'Feb  7 2023 17:20:36')
2026-01-27 11:02:57,930:INFO:machine: AMD64
2026-01-27 11:02:57,930:INFO:platform: Windows-10-10.0.19045-SP0
2026-01-27 11:02:57,947:INFO:Memory: svmem(total=17129091072, available=7178375168, percent=58.1, used=9950715904, free=7178375168)
2026-01-27 11:02:57,947:INFO:Physical Core: 6
2026-01-27 11:02:57,948:INFO:Logical Core: 12
2026-01-27 11:02:57,948:INFO:Checking libraries
2026-01-27 11:02:57,948:INFO:System:
2026-01-27 11:02:57,948:INFO:    python: 3.10.10 (tags/v3.10.10:aad5f6a, Feb  7 2023, 17:20:36) [MSC v.1929 64 bit (AMD64)]
2026-01-27 11:02:57,948:INFO:executable: C:\Users\SciLab\Documents\kittiphong\dstoolbox week8\dstoolbox-wk08\.venv\Scripts\python.exe
2026-01-27 11:02:57,948:INFO:   machine: Windows-10-10.0.19045-SP0
2026-01-27 11:02:57,948:INFO:PyCaret required dependencies:
2026-01-27 11:02:57,948:WARNING:C:\Users\SciLab\Documents\kittiphong\dstoolbox week8\dstoolbox-wk08\.venv\lib\site-packages\_distutils_hack\__init__.py:30: UserWarning: Setuptools is replacing distutils. Support for replacing an already imported distutils is deprecated. In the future, this condition will fail. Register concerns at https://github.com/pypa/setuptools/issues/new?template=distutils-deprecation.yml
  warnings.warn(

2026-01-27 11:03:00,313:INFO:                 pip: Not installed
2026-01-27 11:03:00,313:INFO:          setuptools: 80.10.2
2026-01-27 11:03:00,313:INFO:             pycaret: 3.3.2
2026-01-27 11:03:00,313:INFO:             IPython: 8.38.0
2026-01-27 11:03:00,313:INFO:          ipywidgets: 8.1.8
2026-01-27 11:03:00,313:INFO:                tqdm: 4.67.1
2026-01-27 11:03:00,313:INFO:               numpy: 1.26.4
2026-01-27 11:03:00,313:INFO:              pandas: 2.1.4
2026-01-27 11:03:00,313:INFO:              jinja2: 3.1.6
2026-01-27 11:03:00,313:INFO:               scipy: 1.11.4
2026-01-27 11:03:00,313:INFO:              joblib: 1.3.2
2026-01-27 11:03:00,313:INFO:             sklearn: 1.4.2
2026-01-27 11:03:00,313:INFO:                pyod: 2.0.6
2026-01-27 11:03:00,313:INFO:            imblearn: 0.14.1
2026-01-27 11:03:00,313:INFO:   category_encoders: 2.7.0
2026-01-27 11:03:00,313:INFO:            lightgbm: 4.6.0
2026-01-27 11:03:00,313:INFO:               numba: 0.62.1
2026-01-27 11:03:00,313:INFO:            requests: 2.32.5
2026-01-27 11:03:00,313:INFO:          matplotlib: 3.7.5
2026-01-27 11:03:00,313:INFO:          scikitplot: 0.3.7
2026-01-27 11:03:00,313:INFO:         yellowbrick: 1.5
2026-01-27 11:03:00,313:INFO:              plotly: 5.24.1
2026-01-27 11:03:00,313:INFO:    plotly-resampler: Not installed
2026-01-27 11:03:00,313:INFO:             kaleido: 1.2.0
2026-01-27 11:03:00,313:INFO:           schemdraw: 0.15
2026-01-27 11:03:00,313:INFO:         statsmodels: 0.14.6
2026-01-27 11:03:00,313:INFO:              sktime: 0.26.0
2026-01-27 11:03:00,313:INFO:               tbats: 1.1.3
2026-01-27 11:03:00,313:INFO:            pmdarima: 2.0.4
2026-01-27 11:03:00,313:INFO:              psutil: 7.2.1
2026-01-27 11:03:00,313:INFO:          markupsafe: 3.0.3
2026-01-27 11:03:00,313:INFO:             pickle5: Not installed
2026-01-27 11:03:00,313:INFO:         cloudpickle: 3.1.2
2026-01-27 11:03:00,313:INFO:         deprecation: 2.1.0
2026-01-27 11:03:00,313:INFO:              xxhash: 3.6.0
2026-01-27 11:03:00,313:INFO:           wurlitzer: Not installed
2026-01-27 11:03:00,313:INFO:PyCaret optional dependencies:
2026-01-27 11:03:08,526:INFO:                shap: 0.44.1
2026-01-27 11:03:08,526:INFO:           interpret: 0.6.9
2026-01-27 11:03:08,526:INFO:                umap: 0.5.7
2026-01-27 11:03:08,526:INFO:     ydata_profiling: 4.18.1
2026-01-27 11:03:08,526:INFO:  explainerdashboard: 0.5.4
2026-01-27 11:03:08,526:INFO:             autoviz: Not installed
2026-01-27 11:03:08,526:INFO:           fairlearn: 0.7.0
2026-01-27 11:03:08,526:INFO:          deepchecks: Not installed
2026-01-27 11:03:08,526:INFO:             xgboost: 3.1.3
2026-01-27 11:03:08,526:INFO:            catboost: 1.1.1
2026-01-27 11:03:08,526:INFO:              kmodes: 0.12.2
2026-01-27 11:03:08,526:INFO:             mlxtend: 0.23.4
2026-01-27 11:03:08,526:INFO:       statsforecast: 1.5.0
2026-01-27 11:03:08,526:INFO:        tune_sklearn: Not installed
2026-01-27 11:03:08,527:INFO:                 ray: Not installed
2026-01-27 11:03:08,527:INFO:            hyperopt: 0.2.7
2026-01-27 11:03:08,527:INFO:              optuna: 4.7.0
2026-01-27 11:03:08,527:INFO:               skopt: 0.10.2
2026-01-27 11:03:08,527:INFO:              mlflow: 3.8.1
2026-01-27 11:03:08,527:INFO:              gradio: 6.4.0
2026-01-27 11:03:08,527:INFO:             fastapi: 0.128.0
2026-01-27 11:03:08,527:INFO:             uvicorn: 0.40.0
2026-01-27 11:03:08,527:INFO:              m2cgen: 0.10.0
2026-01-27 11:03:08,527:INFO:           evidently: 0.4.40
2026-01-27 11:03:08,527:INFO:               fugue: 0.8.7
2026-01-27 11:03:08,527:INFO:           streamlit: Not installed
2026-01-27 11:03:08,527:INFO:             prophet: Not installed
2026-01-27 11:03:08,527:INFO:None
2026-01-27 11:03:08,527:INFO:Set up data.
2026-01-27 11:03:08,530:INFO:Set up folding strategy.
2026-01-27 11:03:08,530:INFO:Set up train/test split.
2026-01-27 11:03:08,530:INFO:Set up index.
2026-01-27 11:03:08,530:INFO:Assigning column types.
2026-01-27 11:03:08,530:INFO:Engine successfully changes for model 'lr' to 'sklearn'.
2026-01-27 11:03:08,592:INFO:Engine for model 'knn' has not been set explicitly, hence returning None.
2026-01-27 11:03:08,608:INFO:Engine for model 'rbfsvm' has not been set explicitly, hence returning None.
2026-01-27 11:03:08,670:INFO:Soft dependency imported: xgboost: 3.1.3
2026-01-27 11:03:08,670:INFO:Soft dependency imported: catboost: 1.1.1
2026-01-27 11:03:08,808:INFO:Engine for model 'knn' has not been set explicitly, hence returning None.
2026-01-27 11:03:08,808:INFO:Engine for model 'rbfsvm' has not been set explicitly, hence returning None.
2026-01-27 11:03:08,860:INFO:Soft dependency imported: xgboost: 3.1.3
2026-01-27 11:03:08,863:INFO:Soft dependency imported: catboost: 1.1.1
2026-01-27 11:03:08,864:INFO:Engine successfully changes for model 'knn' to 'sklearn'.
2026-01-27 11:03:08,924:INFO:Engine for model 'rbfsvm' has not been set explicitly, hence returning None.
2026-01-27 11:03:08,961:INFO:Soft dependency imported: xgboost: 3.1.3
2026-01-27 11:03:08,965:INFO:Soft dependency imported: catboost: 1.1.1
2026-01-27 11:03:09,024:INFO:Engine for model 'rbfsvm' has not been set explicitly, hence returning None.
2026-01-27 11:03:09,060:INFO:Soft dependency imported: xgboost: 3.1.3
2026-01-27 11:03:09,063:INFO:Soft dependency imported: catboost: 1.1.1
2026-01-27 11:03:09,064:INFO:Engine successfully changes for model 'rbfsvm' to 'sklearn'.
2026-01-27 11:03:09,163:INFO:Soft dependency imported: xgboost: 3.1.3
2026-01-27 11:03:09,166:INFO:Soft dependency imported: catboost: 1.1.1
2026-01-27 11:03:09,266:INFO:Soft dependency imported: xgboost: 3.1.3
2026-01-27 11:03:09,269:INFO:Soft dependency imported: catboost: 1.1.1
2026-01-27 11:03:09,273:INFO:Preparing preprocessing pipeline...
2026-01-27 11:03:09,274:INFO:Set up simple imputation.
2026-01-27 11:03:09,274:INFO:Set up column name cleaning.
2026-01-27 11:03:09,297:INFO:Finished creating preprocessing pipeline.
2026-01-27 11:03:09,306:INFO:Pipeline: Pipeline(memory=FastMemory(location=C:\Users\SciLab\AppData\Local\Temp\joblib),
         steps=[('numerical_imputer',
                 TransformerWrapper(exclude=None,
                                    include=['Number of times pregnant',
                                             'Plasma glucose concentration a 2 '
                                             'hours in an oral glucose '
                                             'tolerance test',
                                             'Diastolic blood pressure (mm Hg)',
                                             'Triceps skin fold thickness (mm)',
                                             '2-Hour serum insulin (mu U/ml)',
                                             'Body mass index (weig...
                ('categorical_imputer',
                 TransformerWrapper(exclude=None, include=[],
                                    transformer=SimpleImputer(add_indicator=False,
                                                              copy=True,
                                                              fill_value=None,
                                                              keep_empty_features=False,
                                                              missing_values=nan,
                                                              strategy='most_frequent'))),
                ('clean_column_names',
                 TransformerWrapper(exclude=None, include=None,
                                    transformer=CleanColumnNames(match='[\\]\\[\\,\\{\\}\\"\\:]+')))],
         verbose=False)
2026-01-27 11:03:09,306:INFO:Creating final display dataframe.
2026-01-27 11:03:09,388:INFO:Setup _display_container:                     Description             Value
0                    Session id               123
1                        Target    Class variable
2                   Target type            Binary
3           Original data shape          (768, 9)
4        Transformed data shape          (768, 9)
5   Transformed train set shape          (537, 9)
6    Transformed test set shape          (231, 9)
7              Numeric features                 8
8                    Preprocess              True
9               Imputation type            simple
10           Numeric imputation              mean
11       Categorical imputation              mode
12               Fold Generator   StratifiedKFold
13                  Fold Number                10
14                     CPU Jobs                -1
15                      Use GPU             False
16               Log Experiment             False
17              Experiment Name  clf-default-name
18                          USI              3e42
2026-01-27 11:03:09,494:INFO:Soft dependency imported: xgboost: 3.1.3
2026-01-27 11:03:09,495:INFO:Soft dependency imported: catboost: 1.1.1
2026-01-27 11:03:09,594:INFO:Soft dependency imported: xgboost: 3.1.3
2026-01-27 11:03:09,594:INFO:Soft dependency imported: catboost: 1.1.1
2026-01-27 11:03:09,594:INFO:setup() successfully completed in 11.66s...............
2026-01-27 11:03:09,594:INFO:Initializing compare_models()
2026-01-27 11:03:09,594:INFO:compare_models(self=<pycaret.classification.oop.ClassificationExperiment object at 0x000002D0E3F624D0>, include=None, fold=None, round=4, cross_validation=True, sort=Accuracy, n_select=1, budget_time=None, turbo=True, errors=ignore, fit_kwargs=None, groups=None, experiment_custom_tags=None, probability_threshold=None, verbose=True, parallel=None, caller_params={'self': <pycaret.classification.oop.ClassificationExperiment object at 0x000002D0E3F624D0>, 'include': None, 'exclude': None, 'fold': None, 'round': 4, 'cross_validation': True, 'sort': 'Accuracy', 'n_select': 1, 'budget_time': None, 'turbo': True, 'errors': 'ignore', 'fit_kwargs': None, 'groups': None, 'experiment_custom_tags': None, 'probability_threshold': None, 'engine': None, 'verbose': True, 'parallel': None, '__class__': <class 'pycaret.classification.oop.ClassificationExperiment'>}, exclude=None)
2026-01-27 11:03:09,594:INFO:Checking exceptions
2026-01-27 11:03:09,594:INFO:Preparing display monitor
2026-01-27 11:03:09,594:INFO:Initializing Logistic Regression
2026-01-27 11:03:09,594:INFO:Total runtime is 0.0 minutes
2026-01-27 11:03:09,594:INFO:SubProcess create_model() called ==================================
2026-01-27 11:03:09,594:INFO:Initializing create_model()
2026-01-27 11:03:09,594:INFO:create_model(self=<pycaret.classification.oop.ClassificationExperiment object at 0x000002D0E3F624D0>, estimator=lr, fold=StratifiedKFold(n_splits=10, random_state=None, shuffle=False), round=4, cross_validation=True, predict=True, fit_kwargs={}, groups=None, refit=False, probability_threshold=None, experiment_custom_tags=None, verbose=False, system=False, add_to_model_list=True, metrics=None, display=<pycaret.internal.display.display.CommonDisplay object at 0x000002D12DA626B0>, model_only=True, return_train_score=False, error_score=0.0, kwargs={})
2026-01-27 11:03:09,594:INFO:Checking exceptions
2026-01-27 11:03:09,594:INFO:Importing libraries
2026-01-27 11:03:09,594:INFO:Copying training dataset
2026-01-27 11:03:09,610:INFO:Defining folds
2026-01-27 11:03:09,610:INFO:Declaring metric variables
2026-01-27 11:03:09,610:INFO:Importing untrained model
2026-01-27 11:03:09,610:INFO:Logistic Regression Imported successfully
2026-01-27 11:03:09,610:INFO:Starting cross validation
2026-01-27 11:03:09,610:INFO:Cross validating with StratifiedKFold(n_splits=10, random_state=None, shuffle=False), n_jobs=-1
2026-01-27 11:03:14,835:WARNING:C:\Users\SciLab\Documents\kittiphong\dstoolbox week8\dstoolbox-wk08\.venv\lib\site-packages\_distutils_hack\__init__.py:30: UserWarning: Setuptools is replacing distutils. Support for replacing an already imported distutils is deprecated. In the future, this condition will fail. Register concerns at https://github.com/pypa/setuptools/issues/new?template=distutils-deprecation.yml
  warnings.warn(

2026-01-27 11:03:14,840:WARNING:C:\Users\SciLab\Documents\kittiphong\dstoolbox week8\dstoolbox-wk08\.venv\lib\site-packages\_distutils_hack\__init__.py:30: UserWarning: Setuptools is replacing distutils. Support for replacing an already imported distutils is deprecated. In the future, this condition will fail. Register concerns at https://github.com/pypa/setuptools/issues/new?template=distutils-deprecation.yml
  warnings.warn(

2026-01-27 11:03:14,845:WARNING:C:\Users\SciLab\Documents\kittiphong\dstoolbox week8\dstoolbox-wk08\.venv\lib\site-packages\_distutils_hack\__init__.py:30: UserWarning: Setuptools is replacing distutils. Support for replacing an already imported distutils is deprecated. In the future, this condition will fail. Register concerns at https://github.com/pypa/setuptools/issues/new?template=distutils-deprecation.yml
  warnings.warn(

2026-01-27 11:03:14,862:WARNING:C:\Users\SciLab\Documents\kittiphong\dstoolbox week8\dstoolbox-wk08\.venv\lib\site-packages\_distutils_hack\__init__.py:30: UserWarning: Setuptools is replacing distutils. Support for replacing an already imported distutils is deprecated. In the future, this condition will fail. Register concerns at https://github.com/pypa/setuptools/issues/new?template=distutils-deprecation.yml
  warnings.warn(

2026-01-27 11:03:14,888:WARNING:C:\Users\SciLab\Documents\kittiphong\dstoolbox week8\dstoolbox-wk08\.venv\lib\site-packages\_distutils_hack\__init__.py:30: UserWarning: Setuptools is replacing distutils. Support for replacing an already imported distutils is deprecated. In the future, this condition will fail. Register concerns at https://github.com/pypa/setuptools/issues/new?template=distutils-deprecation.yml
  warnings.warn(

2026-01-27 11:03:14,956:WARNING:C:\Users\SciLab\Documents\kittiphong\dstoolbox week8\dstoolbox-wk08\.venv\lib\site-packages\_distutils_hack\__init__.py:30: UserWarning: Setuptools is replacing distutils. Support for replacing an already imported distutils is deprecated. In the future, this condition will fail. Register concerns at https://github.com/pypa/setuptools/issues/new?template=distutils-deprecation.yml
  warnings.warn(

2026-01-27 11:03:14,974:WARNING:C:\Users\SciLab\Documents\kittiphong\dstoolbox week8\dstoolbox-wk08\.venv\lib\site-packages\_distutils_hack\__init__.py:30: UserWarning: Setuptools is replacing distutils. Support for replacing an already imported distutils is deprecated. In the future, this condition will fail. Register concerns at https://github.com/pypa/setuptools/issues/new?template=distutils-deprecation.yml
  warnings.warn(

2026-01-27 11:03:15,030:WARNING:C:\Users\SciLab\Documents\kittiphong\dstoolbox week8\dstoolbox-wk08\.venv\lib\site-packages\_distutils_hack\__init__.py:30: UserWarning: Setuptools is replacing distutils. Support for replacing an already imported distutils is deprecated. In the future, this condition will fail. Register concerns at https://github.com/pypa/setuptools/issues/new?template=distutils-deprecation.yml
  warnings.warn(

2026-01-27 11:03:15,045:WARNING:C:\Users\SciLab\Documents\kittiphong\dstoolbox week8\dstoolbox-wk08\.venv\lib\site-packages\_distutils_hack\__init__.py:30: UserWarning: Setuptools is replacing distutils. Support for replacing an already imported distutils is deprecated. In the future, this condition will fail. Register concerns at https://github.com/pypa/setuptools/issues/new?template=distutils-deprecation.yml
  warnings.warn(

2026-01-27 11:03:15,059:WARNING:C:\Users\SciLab\Documents\kittiphong\dstoolbox week8\dstoolbox-wk08\.venv\lib\site-packages\_distutils_hack\__init__.py:30: UserWarning: Setuptools is replacing distutils. Support for replacing an already imported distutils is deprecated. In the future, this condition will fail. Register concerns at https://github.com/pypa/setuptools/issues/new?template=distutils-deprecation.yml
  warnings.warn(

2026-01-27 11:03:17,181:INFO:Calculating mean and std
2026-01-27 11:03:17,182:INFO:Creating metrics dataframe
2026-01-27 11:03:17,182:INFO:Uploading results into container
2026-01-27 11:03:17,182:INFO:Uploading model into container now
2026-01-27 11:03:17,182:INFO:_master_model_container: 1
2026-01-27 11:03:17,182:INFO:_display_container: 2
2026-01-27 11:03:17,182:INFO:LogisticRegression(C=1.0, class_weight=None, dual=False, fit_intercept=True,
                   intercept_scaling=1, l1_ratio=None, max_iter=1000,
                   multi_class='auto', n_jobs=None, penalty='l2',
                   random_state=123, solver='lbfgs', tol=0.0001, verbose=0,
                   warm_start=False)
2026-01-27 11:03:17,182:INFO:create_model() successfully completed......................................
2026-01-27 11:03:17,383:INFO:SubProcess create_model() end ==================================
2026-01-27 11:03:17,384:INFO:Creating metrics dataframe
2026-01-27 11:03:17,386:INFO:Initializing K Neighbors Classifier
2026-01-27 11:03:17,386:INFO:Total runtime is 0.12986668348312377 minutes
2026-01-27 11:03:17,386:INFO:SubProcess create_model() called ==================================
2026-01-27 11:03:17,386:INFO:Initializing create_model()
2026-01-27 11:03:17,386:INFO:create_model(self=<pycaret.classification.oop.ClassificationExperiment object at 0x000002D0E3F624D0>, estimator=knn, fold=StratifiedKFold(n_splits=10, random_state=None, shuffle=False), round=4, cross_validation=True, predict=True, fit_kwargs={}, groups=None, refit=False, probability_threshold=None, experiment_custom_tags=None, verbose=False, system=False, add_to_model_list=True, metrics=None, display=<pycaret.internal.display.display.CommonDisplay object at 0x000002D12DA626B0>, model_only=True, return_train_score=False, error_score=0.0, kwargs={})
2026-01-27 11:03:17,386:INFO:Checking exceptions
2026-01-27 11:03:17,387:INFO:Importing libraries
2026-01-27 11:03:17,387:INFO:Copying training dataset
2026-01-27 11:03:17,391:INFO:Defining folds
2026-01-27 11:03:17,391:INFO:Declaring metric variables
2026-01-27 11:03:17,391:INFO:Importing untrained model
2026-01-27 11:03:17,391:INFO:K Neighbors Classifier Imported successfully
2026-01-27 11:03:17,391:INFO:Starting cross validation
2026-01-27 11:03:17,392:INFO:Cross validating with StratifiedKFold(n_splits=10, random_state=None, shuffle=False), n_jobs=-1
2026-01-27 11:03:19,949:WARNING:C:\Users\SciLab\Documents\kittiphong\dstoolbox week8\dstoolbox-wk08\.venv\lib\site-packages\_distutils_hack\__init__.py:30: UserWarning: Setuptools is replacing distutils. Support for replacing an already imported distutils is deprecated. In the future, this condition will fail. Register concerns at https://github.com/pypa/setuptools/issues/new?template=distutils-deprecation.yml
  warnings.warn(

2026-01-27 11:03:19,949:WARNING:C:\Users\SciLab\Documents\kittiphong\dstoolbox week8\dstoolbox-wk08\.venv\lib\site-packages\_distutils_hack\__init__.py:30: UserWarning: Setuptools is replacing distutils. Support for replacing an already imported distutils is deprecated. In the future, this condition will fail. Register concerns at https://github.com/pypa/setuptools/issues/new?template=distutils-deprecation.yml
  warnings.warn(

2026-01-27 11:03:21,028:INFO:Calculating mean and std
2026-01-27 11:03:21,029:INFO:Creating metrics dataframe
2026-01-27 11:03:21,029:INFO:Uploading results into container
2026-01-27 11:03:21,029:INFO:Uploading model into container now
2026-01-27 11:03:21,029:INFO:_master_model_container: 2
2026-01-27 11:03:21,029:INFO:_display_container: 2
2026-01-27 11:03:21,029:INFO:KNeighborsClassifier(algorithm='auto', leaf_size=30, metric='minkowski',
                     metric_params=None, n_jobs=-1, n_neighbors=5, p=2,
                     weights='uniform')
2026-01-27 11:03:21,029:INFO:create_model() successfully completed......................................
2026-01-27 11:03:21,204:INFO:SubProcess create_model() end ==================================
2026-01-27 11:03:21,204:INFO:Creating metrics dataframe
2026-01-27 11:03:21,207:INFO:Initializing Naive Bayes
2026-01-27 11:03:21,207:INFO:Total runtime is 0.1935530384381612 minutes
2026-01-27 11:03:21,207:INFO:SubProcess create_model() called ==================================
2026-01-27 11:03:21,207:INFO:Initializing create_model()
2026-01-27 11:03:21,207:INFO:create_model(self=<pycaret.classification.oop.ClassificationExperiment object at 0x000002D0E3F624D0>, estimator=nb, fold=StratifiedKFold(n_splits=10, random_state=None, shuffle=False), round=4, cross_validation=True, predict=True, fit_kwargs={}, groups=None, refit=False, probability_threshold=None, experiment_custom_tags=None, verbose=False, system=False, add_to_model_list=True, metrics=None, display=<pycaret.internal.display.display.CommonDisplay object at 0x000002D12DA626B0>, model_only=True, return_train_score=False, error_score=0.0, kwargs={})
2026-01-27 11:03:21,207:INFO:Checking exceptions
2026-01-27 11:03:21,207:INFO:Importing libraries
2026-01-27 11:03:21,207:INFO:Copying training dataset
2026-01-27 11:03:21,212:INFO:Defining folds
2026-01-27 11:03:21,212:INFO:Declaring metric variables
2026-01-27 11:03:21,212:INFO:Importing untrained model
2026-01-27 11:03:21,212:INFO:Naive Bayes Imported successfully
2026-01-27 11:03:21,212:INFO:Starting cross validation
2026-01-27 11:03:21,213:INFO:Cross validating with StratifiedKFold(n_splits=10, random_state=None, shuffle=False), n_jobs=-1
2026-01-27 11:03:21,293:INFO:Calculating mean and std
2026-01-27 11:03:21,293:INFO:Creating metrics dataframe
2026-01-27 11:03:21,294:INFO:Uploading results into container
2026-01-27 11:03:21,294:INFO:Uploading model into container now
2026-01-27 11:03:21,294:INFO:_master_model_container: 3
2026-01-27 11:03:21,294:INFO:_display_container: 2
2026-01-27 11:03:21,294:INFO:GaussianNB(priors=None, var_smoothing=1e-09)
2026-01-27 11:03:21,294:INFO:create_model() successfully completed......................................
2026-01-27 11:03:21,434:INFO:SubProcess create_model() end ==================================
2026-01-27 11:03:21,434:INFO:Creating metrics dataframe
2026-01-27 11:03:21,436:INFO:Initializing Decision Tree Classifier
2026-01-27 11:03:21,436:INFO:Total runtime is 0.19737398624420166 minutes
2026-01-27 11:03:21,436:INFO:SubProcess create_model() called ==================================
2026-01-27 11:03:21,437:INFO:Initializing create_model()
2026-01-27 11:03:21,437:INFO:create_model(self=<pycaret.classification.oop.ClassificationExperiment object at 0x000002D0E3F624D0>, estimator=dt, fold=StratifiedKFold(n_splits=10, random_state=None, shuffle=False), round=4, cross_validation=True, predict=True, fit_kwargs={}, groups=None, refit=False, probability_threshold=None, experiment_custom_tags=None, verbose=False, system=False, add_to_model_list=True, metrics=None, display=<pycaret.internal.display.display.CommonDisplay object at 0x000002D12DA626B0>, model_only=True, return_train_score=False, error_score=0.0, kwargs={})
2026-01-27 11:03:21,437:INFO:Checking exceptions
2026-01-27 11:03:21,437:INFO:Importing libraries
2026-01-27 11:03:21,437:INFO:Copying training dataset
2026-01-27 11:03:21,441:INFO:Defining folds
2026-01-27 11:03:21,441:INFO:Declaring metric variables
2026-01-27 11:03:21,441:INFO:Importing untrained model
2026-01-27 11:03:21,442:INFO:Decision Tree Classifier Imported successfully
2026-01-27 11:03:21,442:INFO:Starting cross validation
2026-01-27 11:03:21,443:INFO:Cross validating with StratifiedKFold(n_splits=10, random_state=None, shuffle=False), n_jobs=-1
2026-01-27 11:03:21,525:INFO:Calculating mean and std
2026-01-27 11:03:21,526:INFO:Creating metrics dataframe
2026-01-27 11:03:21,527:INFO:Uploading results into container
2026-01-27 11:03:21,528:INFO:Uploading model into container now
2026-01-27 11:03:21,528:INFO:_master_model_container: 4
2026-01-27 11:03:21,528:INFO:_display_container: 2
2026-01-27 11:03:21,528:INFO:DecisionTreeClassifier(ccp_alpha=0.0, class_weight=None, criterion='gini',
                       max_depth=None, max_features=None, max_leaf_nodes=None,
                       min_impurity_decrease=0.0, min_samples_leaf=1,
                       min_samples_split=2, min_weight_fraction_leaf=0.0,
                       monotonic_cst=None, random_state=123, splitter='best')
2026-01-27 11:03:21,528:INFO:create_model() successfully completed......................................
2026-01-27 11:03:21,661:INFO:SubProcess create_model() end ==================================
2026-01-27 11:03:21,661:INFO:Creating metrics dataframe
2026-01-27 11:03:21,676:INFO:Initializing SVM - Linear Kernel
2026-01-27 11:03:21,676:INFO:Total runtime is 0.20136902729670206 minutes
2026-01-27 11:03:21,676:INFO:SubProcess create_model() called ==================================
2026-01-27 11:03:21,676:INFO:Initializing create_model()
2026-01-27 11:03:21,676:INFO:create_model(self=<pycaret.classification.oop.ClassificationExperiment object at 0x000002D0E3F624D0>, estimator=svm, fold=StratifiedKFold(n_splits=10, random_state=None, shuffle=False), round=4, cross_validation=True, predict=True, fit_kwargs={}, groups=None, refit=False, probability_threshold=None, experiment_custom_tags=None, verbose=False, system=False, add_to_model_list=True, metrics=None, display=<pycaret.internal.display.display.CommonDisplay object at 0x000002D12DA626B0>, model_only=True, return_train_score=False, error_score=0.0, kwargs={})
2026-01-27 11:03:21,676:INFO:Checking exceptions
2026-01-27 11:03:21,676:INFO:Importing libraries
2026-01-27 11:03:21,676:INFO:Copying training dataset
2026-01-27 11:03:21,676:INFO:Defining folds
2026-01-27 11:03:21,676:INFO:Declaring metric variables
2026-01-27 11:03:21,676:INFO:Importing untrained model
2026-01-27 11:03:21,676:INFO:SVM - Linear Kernel Imported successfully
2026-01-27 11:03:21,676:INFO:Starting cross validation
2026-01-27 11:03:21,676:INFO:Cross validating with StratifiedKFold(n_splits=10, random_state=None, shuffle=False), n_jobs=-1
2026-01-27 11:03:21,736:WARNING:C:\Users\SciLab\Documents\kittiphong\dstoolbox week8\dstoolbox-wk08\.venv\lib\site-packages\sklearn\metrics\_classification.py:1509: UndefinedMetricWarning: Precision is ill-defined and being set to 0.0 due to no predicted samples. Use `zero_division` parameter to control this behavior.
  _warn_prf(average, modifier, f"{metric.capitalize()} is", len(result))

2026-01-27 11:03:21,745:WARNING:C:\Users\SciLab\Documents\kittiphong\dstoolbox week8\dstoolbox-wk08\.venv\lib\site-packages\sklearn\metrics\_classification.py:1509: UndefinedMetricWarning: Precision is ill-defined and being set to 0.0 due to no predicted samples. Use `zero_division` parameter to control this behavior.
  _warn_prf(average, modifier, f"{metric.capitalize()} is", len(result))

2026-01-27 11:03:21,760:INFO:Calculating mean and std
2026-01-27 11:03:21,761:INFO:Creating metrics dataframe
2026-01-27 11:03:21,763:INFO:Uploading results into container
2026-01-27 11:03:21,763:INFO:Uploading model into container now
2026-01-27 11:03:21,763:INFO:_master_model_container: 5
2026-01-27 11:03:21,764:INFO:_display_container: 2
2026-01-27 11:03:21,764:INFO:SGDClassifier(alpha=0.0001, average=False, class_weight=None,
              early_stopping=False, epsilon=0.1, eta0=0.001, fit_intercept=True,
              l1_ratio=0.15, learning_rate='optimal', loss='hinge',
              max_iter=1000, n_iter_no_change=5, n_jobs=-1, penalty='l2',
              power_t=0.5, random_state=123, shuffle=True, tol=0.001,
              validation_fraction=0.1, verbose=0, warm_start=False)
2026-01-27 11:03:21,764:INFO:create_model() successfully completed......................................
2026-01-27 11:03:21,889:INFO:SubProcess create_model() end ==================================
2026-01-27 11:03:21,889:INFO:Creating metrics dataframe
2026-01-27 11:03:21,889:INFO:Initializing Ridge Classifier
2026-01-27 11:03:21,889:INFO:Total runtime is 0.20491184790929157 minutes
2026-01-27 11:03:21,904:INFO:SubProcess create_model() called ==================================
2026-01-27 11:03:21,904:INFO:Initializing create_model()
2026-01-27 11:03:21,904:INFO:create_model(self=<pycaret.classification.oop.ClassificationExperiment object at 0x000002D0E3F624D0>, estimator=ridge, fold=StratifiedKFold(n_splits=10, random_state=None, shuffle=False), round=4, cross_validation=True, predict=True, fit_kwargs={}, groups=None, refit=False, probability_threshold=None, experiment_custom_tags=None, verbose=False, system=False, add_to_model_list=True, metrics=None, display=<pycaret.internal.display.display.CommonDisplay object at 0x000002D12DA626B0>, model_only=True, return_train_score=False, error_score=0.0, kwargs={})
2026-01-27 11:03:21,904:INFO:Checking exceptions
2026-01-27 11:03:21,904:INFO:Importing libraries
2026-01-27 11:03:21,904:INFO:Copying training dataset
2026-01-27 11:03:21,904:INFO:Defining folds
2026-01-27 11:03:21,904:INFO:Declaring metric variables
2026-01-27 11:03:21,904:INFO:Importing untrained model
2026-01-27 11:03:21,904:INFO:Ridge Classifier Imported successfully
2026-01-27 11:03:21,904:INFO:Starting cross validation
2026-01-27 11:03:21,904:INFO:Cross validating with StratifiedKFold(n_splits=10, random_state=None, shuffle=False), n_jobs=-1
2026-01-27 11:03:22,009:INFO:Calculating mean and std
2026-01-27 11:03:22,009:INFO:Creating metrics dataframe
2026-01-27 11:03:22,009:INFO:Uploading results into container
2026-01-27 11:03:22,009:INFO:Uploading model into container now
2026-01-27 11:03:22,009:INFO:_master_model_container: 6
2026-01-27 11:03:22,009:INFO:_display_container: 2
2026-01-27 11:03:22,009:INFO:RidgeClassifier(alpha=1.0, class_weight=None, copy_X=True, fit_intercept=True,
                max_iter=None, positive=False, random_state=123, solver='auto',
                tol=0.0001)
2026-01-27 11:03:22,009:INFO:create_model() successfully completed......................................
2026-01-27 11:03:22,145:INFO:SubProcess create_model() end ==================================
2026-01-27 11:03:22,145:INFO:Creating metrics dataframe
2026-01-27 11:03:22,145:INFO:Initializing Random Forest Classifier
2026-01-27 11:03:22,145:INFO:Total runtime is 0.2091804265975952 minutes
2026-01-27 11:03:22,145:INFO:SubProcess create_model() called ==================================
2026-01-27 11:03:22,145:INFO:Initializing create_model()
2026-01-27 11:03:22,145:INFO:create_model(self=<pycaret.classification.oop.ClassificationExperiment object at 0x000002D0E3F624D0>, estimator=rf, fold=StratifiedKFold(n_splits=10, random_state=None, shuffle=False), round=4, cross_validation=True, predict=True, fit_kwargs={}, groups=None, refit=False, probability_threshold=None, experiment_custom_tags=None, verbose=False, system=False, add_to_model_list=True, metrics=None, display=<pycaret.internal.display.display.CommonDisplay object at 0x000002D12DA626B0>, model_only=True, return_train_score=False, error_score=0.0, kwargs={})
2026-01-27 11:03:22,145:INFO:Checking exceptions
2026-01-27 11:03:22,145:INFO:Importing libraries
2026-01-27 11:03:22,145:INFO:Copying training dataset
2026-01-27 11:03:22,160:INFO:Defining folds
2026-01-27 11:03:22,160:INFO:Declaring metric variables
2026-01-27 11:03:22,160:INFO:Importing untrained model
2026-01-27 11:03:22,160:INFO:Random Forest Classifier Imported successfully
2026-01-27 11:03:22,160:INFO:Starting cross validation
2026-01-27 11:03:22,160:INFO:Cross validating with StratifiedKFold(n_splits=10, random_state=None, shuffle=False), n_jobs=-1
2026-01-27 11:03:22,563:INFO:Calculating mean and std
2026-01-27 11:03:22,563:INFO:Creating metrics dataframe
2026-01-27 11:03:22,563:INFO:Uploading results into container
2026-01-27 11:03:22,563:INFO:Uploading model into container now
2026-01-27 11:03:22,563:INFO:_master_model_container: 7
2026-01-27 11:03:22,563:INFO:_display_container: 2
2026-01-27 11:03:22,563:INFO:RandomForestClassifier(bootstrap=True, ccp_alpha=0.0, class_weight=None,
                       criterion='gini', max_depth=None, max_features='sqrt',
                       max_leaf_nodes=None, max_samples=None,
                       min_impurity_decrease=0.0, min_samples_leaf=1,
                       min_samples_split=2, min_weight_fraction_leaf=0.0,
                       monotonic_cst=None, n_estimators=100, n_jobs=-1,
                       oob_score=False, random_state=123, verbose=0,
                       warm_start=False)
2026-01-27 11:03:22,563:INFO:create_model() successfully completed......................................
2026-01-27 11:03:22,740:INFO:SubProcess create_model() end ==================================
2026-01-27 11:03:22,740:INFO:Creating metrics dataframe
2026-01-27 11:03:22,740:INFO:Initializing Quadratic Discriminant Analysis
2026-01-27 11:03:22,740:INFO:Total runtime is 0.21909478108088173 minutes
2026-01-27 11:03:22,740:INFO:SubProcess create_model() called ==================================
2026-01-27 11:03:22,740:INFO:Initializing create_model()
2026-01-27 11:03:22,740:INFO:create_model(self=<pycaret.classification.oop.ClassificationExperiment object at 0x000002D0E3F624D0>, estimator=qda, fold=StratifiedKFold(n_splits=10, random_state=None, shuffle=False), round=4, cross_validation=True, predict=True, fit_kwargs={}, groups=None, refit=False, probability_threshold=None, experiment_custom_tags=None, verbose=False, system=False, add_to_model_list=True, metrics=None, display=<pycaret.internal.display.display.CommonDisplay object at 0x000002D12DA626B0>, model_only=True, return_train_score=False, error_score=0.0, kwargs={})
2026-01-27 11:03:22,740:INFO:Checking exceptions
2026-01-27 11:03:22,740:INFO:Importing libraries
2026-01-27 11:03:22,740:INFO:Copying training dataset
2026-01-27 11:03:22,740:INFO:Defining folds
2026-01-27 11:03:22,740:INFO:Declaring metric variables
2026-01-27 11:03:22,740:INFO:Importing untrained model
2026-01-27 11:03:22,740:INFO:Quadratic Discriminant Analysis Imported successfully
2026-01-27 11:03:22,740:INFO:Starting cross validation
2026-01-27 11:03:22,740:INFO:Cross validating with StratifiedKFold(n_splits=10, random_state=None, shuffle=False), n_jobs=-1
2026-01-27 11:03:22,827:INFO:Calculating mean and std
2026-01-27 11:03:22,827:INFO:Creating metrics dataframe
2026-01-27 11:03:22,829:INFO:Uploading results into container
2026-01-27 11:03:22,829:INFO:Uploading model into container now
2026-01-27 11:03:22,830:INFO:_master_model_container: 8
2026-01-27 11:03:22,830:INFO:_display_container: 2
2026-01-27 11:03:22,830:INFO:QuadraticDiscriminantAnalysis(priors=None, reg_param=0.0,
                              store_covariance=False, tol=0.0001)
2026-01-27 11:03:22,830:INFO:create_model() successfully completed......................................
2026-01-27 11:03:22,955:INFO:SubProcess create_model() end ==================================
2026-01-27 11:03:22,955:INFO:Creating metrics dataframe
2026-01-27 11:03:22,971:INFO:Initializing Ada Boost Classifier
2026-01-27 11:03:22,971:INFO:Total runtime is 0.2229482293128967 minutes
2026-01-27 11:03:22,971:INFO:SubProcess create_model() called ==================================
2026-01-27 11:03:22,971:INFO:Initializing create_model()
2026-01-27 11:03:22,971:INFO:create_model(self=<pycaret.classification.oop.ClassificationExperiment object at 0x000002D0E3F624D0>, estimator=ada, fold=StratifiedKFold(n_splits=10, random_state=None, shuffle=False), round=4, cross_validation=True, predict=True, fit_kwargs={}, groups=None, refit=False, probability_threshold=None, experiment_custom_tags=None, verbose=False, system=False, add_to_model_list=True, metrics=None, display=<pycaret.internal.display.display.CommonDisplay object at 0x000002D12DA626B0>, model_only=True, return_train_score=False, error_score=0.0, kwargs={})
2026-01-27 11:03:22,971:INFO:Checking exceptions
2026-01-27 11:03:22,971:INFO:Importing libraries
2026-01-27 11:03:22,971:INFO:Copying training dataset
2026-01-27 11:03:22,971:INFO:Defining folds
2026-01-27 11:03:22,971:INFO:Declaring metric variables
2026-01-27 11:03:22,971:INFO:Importing untrained model
2026-01-27 11:03:22,971:INFO:Ada Boost Classifier Imported successfully
2026-01-27 11:03:22,971:INFO:Starting cross validation
2026-01-27 11:03:22,971:INFO:Cross validating with StratifiedKFold(n_splits=10, random_state=None, shuffle=False), n_jobs=-1
2026-01-27 11:03:22,995:WARNING:C:\Users\SciLab\Documents\kittiphong\dstoolbox week8\dstoolbox-wk08\.venv\lib\site-packages\sklearn\ensemble\_weight_boosting.py:519: FutureWarning: The SAMME.R algorithm (the default) is deprecated and will be removed in 1.6. Use the SAMME algorithm to circumvent this warning.
  warnings.warn(

2026-01-27 11:03:22,995:WARNING:C:\Users\SciLab\Documents\kittiphong\dstoolbox week8\dstoolbox-wk08\.venv\lib\site-packages\sklearn\ensemble\_weight_boosting.py:519: FutureWarning: The SAMME.R algorithm (the default) is deprecated and will be removed in 1.6. Use the SAMME algorithm to circumvent this warning.
  warnings.warn(

2026-01-27 11:03:22,995:WARNING:C:\Users\SciLab\Documents\kittiphong\dstoolbox week8\dstoolbox-wk08\.venv\lib\site-packages\sklearn\ensemble\_weight_boosting.py:519: FutureWarning: The SAMME.R algorithm (the default) is deprecated and will be removed in 1.6. Use the SAMME algorithm to circumvent this warning.
  warnings.warn(

2026-01-27 11:03:22,995:WARNING:C:\Users\SciLab\Documents\kittiphong\dstoolbox week8\dstoolbox-wk08\.venv\lib\site-packages\sklearn\ensemble\_weight_boosting.py:519: FutureWarning: The SAMME.R algorithm (the default) is deprecated and will be removed in 1.6. Use the SAMME algorithm to circumvent this warning.
  warnings.warn(

2026-01-27 11:03:22,995:WARNING:C:\Users\SciLab\Documents\kittiphong\dstoolbox week8\dstoolbox-wk08\.venv\lib\site-packages\sklearn\ensemble\_weight_boosting.py:519: FutureWarning: The SAMME.R algorithm (the default) is deprecated and will be removed in 1.6. Use the SAMME algorithm to circumvent this warning.
  warnings.warn(

2026-01-27 11:03:23,011:WARNING:C:\Users\SciLab\Documents\kittiphong\dstoolbox week8\dstoolbox-wk08\.venv\lib\site-packages\sklearn\ensemble\_weight_boosting.py:519: FutureWarning: The SAMME.R algorithm (the default) is deprecated and will be removed in 1.6. Use the SAMME algorithm to circumvent this warning.
  warnings.warn(

2026-01-27 11:03:23,017:WARNING:C:\Users\SciLab\Documents\kittiphong\dstoolbox week8\dstoolbox-wk08\.venv\lib\site-packages\sklearn\ensemble\_weight_boosting.py:519: FutureWarning: The SAMME.R algorithm (the default) is deprecated and will be removed in 1.6. Use the SAMME algorithm to circumvent this warning.
  warnings.warn(

2026-01-27 11:03:23,018:WARNING:C:\Users\SciLab\Documents\kittiphong\dstoolbox week8\dstoolbox-wk08\.venv\lib\site-packages\sklearn\ensemble\_weight_boosting.py:519: FutureWarning: The SAMME.R algorithm (the default) is deprecated and will be removed in 1.6. Use the SAMME algorithm to circumvent this warning.
  warnings.warn(

2026-01-27 11:03:23,020:WARNING:C:\Users\SciLab\Documents\kittiphong\dstoolbox week8\dstoolbox-wk08\.venv\lib\site-packages\sklearn\ensemble\_weight_boosting.py:519: FutureWarning: The SAMME.R algorithm (the default) is deprecated and will be removed in 1.6. Use the SAMME algorithm to circumvent this warning.
  warnings.warn(

2026-01-27 11:03:23,023:WARNING:C:\Users\SciLab\Documents\kittiphong\dstoolbox week8\dstoolbox-wk08\.venv\lib\site-packages\sklearn\ensemble\_weight_boosting.py:519: FutureWarning: The SAMME.R algorithm (the default) is deprecated and will be removed in 1.6. Use the SAMME algorithm to circumvent this warning.
  warnings.warn(

2026-01-27 11:03:23,192:INFO:Calculating mean and std
2026-01-27 11:03:23,192:INFO:Creating metrics dataframe
2026-01-27 11:03:23,192:INFO:Uploading results into container
2026-01-27 11:03:23,192:INFO:Uploading model into container now
2026-01-27 11:03:23,192:INFO:_master_model_container: 9
2026-01-27 11:03:23,192:INFO:_display_container: 2
2026-01-27 11:03:23,192:INFO:AdaBoostClassifier(algorithm='SAMME.R', estimator=None, learning_rate=1.0,
                   n_estimators=50, random_state=123)
2026-01-27 11:03:23,192:INFO:create_model() successfully completed......................................
2026-01-27 11:03:23,350:INFO:SubProcess create_model() end ==================================
2026-01-27 11:03:23,350:INFO:Creating metrics dataframe
2026-01-27 11:03:23,352:INFO:Initializing Gradient Boosting Classifier
2026-01-27 11:03:23,352:INFO:Total runtime is 0.2293008248011271 minutes
2026-01-27 11:03:23,353:INFO:SubProcess create_model() called ==================================
2026-01-27 11:03:23,353:INFO:Initializing create_model()
2026-01-27 11:03:23,353:INFO:create_model(self=<pycaret.classification.oop.ClassificationExperiment object at 0x000002D0E3F624D0>, estimator=gbc, fold=StratifiedKFold(n_splits=10, random_state=None, shuffle=False), round=4, cross_validation=True, predict=True, fit_kwargs={}, groups=None, refit=False, probability_threshold=None, experiment_custom_tags=None, verbose=False, system=False, add_to_model_list=True, metrics=None, display=<pycaret.internal.display.display.CommonDisplay object at 0x000002D12DA626B0>, model_only=True, return_train_score=False, error_score=0.0, kwargs={})
2026-01-27 11:03:23,353:INFO:Checking exceptions
2026-01-27 11:03:23,353:INFO:Importing libraries
2026-01-27 11:03:23,353:INFO:Copying training dataset
2026-01-27 11:03:23,357:INFO:Defining folds
2026-01-27 11:03:23,357:INFO:Declaring metric variables
2026-01-27 11:03:23,357:INFO:Importing untrained model
2026-01-27 11:03:23,358:INFO:Gradient Boosting Classifier Imported successfully
2026-01-27 11:03:23,358:INFO:Starting cross validation
2026-01-27 11:03:23,359:INFO:Cross validating with StratifiedKFold(n_splits=10, random_state=None, shuffle=False), n_jobs=-1
2026-01-27 11:03:23,660:INFO:Calculating mean and std
2026-01-27 11:03:23,660:INFO:Creating metrics dataframe
2026-01-27 11:03:23,660:INFO:Uploading results into container
2026-01-27 11:03:23,660:INFO:Uploading model into container now
2026-01-27 11:03:23,660:INFO:_master_model_container: 10
2026-01-27 11:03:23,660:INFO:_display_container: 2
2026-01-27 11:03:23,660:INFO:GradientBoostingClassifier(ccp_alpha=0.0, criterion='friedman_mse', init=None,
                           learning_rate=0.1, loss='log_loss', max_depth=3,
                           max_features=None, max_leaf_nodes=None,
                           min_impurity_decrease=0.0, min_samples_leaf=1,
                           min_samples_split=2, min_weight_fraction_leaf=0.0,
                           n_estimators=100, n_iter_no_change=None,
                           random_state=123, subsample=1.0, tol=0.0001,
                           validation_fraction=0.1, verbose=0,
                           warm_start=False)
2026-01-27 11:03:23,660:INFO:create_model() successfully completed......................................
2026-01-27 11:03:23,793:INFO:SubProcess create_model() end ==================================
2026-01-27 11:03:23,793:INFO:Creating metrics dataframe
2026-01-27 11:03:23,793:INFO:Initializing Linear Discriminant Analysis
2026-01-27 11:03:23,793:INFO:Total runtime is 0.23664195537567137 minutes
2026-01-27 11:03:23,793:INFO:SubProcess create_model() called ==================================
2026-01-27 11:03:23,793:INFO:Initializing create_model()
2026-01-27 11:03:23,793:INFO:create_model(self=<pycaret.classification.oop.ClassificationExperiment object at 0x000002D0E3F624D0>, estimator=lda, fold=StratifiedKFold(n_splits=10, random_state=None, shuffle=False), round=4, cross_validation=True, predict=True, fit_kwargs={}, groups=None, refit=False, probability_threshold=None, experiment_custom_tags=None, verbose=False, system=False, add_to_model_list=True, metrics=None, display=<pycaret.internal.display.display.CommonDisplay object at 0x000002D12DA626B0>, model_only=True, return_train_score=False, error_score=0.0, kwargs={})
2026-01-27 11:03:23,793:INFO:Checking exceptions
2026-01-27 11:03:23,793:INFO:Importing libraries
2026-01-27 11:03:23,793:INFO:Copying training dataset
2026-01-27 11:03:23,808:INFO:Defining folds
2026-01-27 11:03:23,808:INFO:Declaring metric variables
2026-01-27 11:03:23,808:INFO:Importing untrained model
2026-01-27 11:03:23,808:INFO:Linear Discriminant Analysis Imported successfully
2026-01-27 11:03:23,808:INFO:Starting cross validation
2026-01-27 11:03:23,808:INFO:Cross validating with StratifiedKFold(n_splits=10, random_state=None, shuffle=False), n_jobs=-1
2026-01-27 11:03:23,893:INFO:Calculating mean and std
2026-01-27 11:03:23,894:INFO:Creating metrics dataframe
2026-01-27 11:03:23,895:INFO:Uploading results into container
2026-01-27 11:03:23,895:INFO:Uploading model into container now
2026-01-27 11:03:23,895:INFO:_master_model_container: 11
2026-01-27 11:03:23,895:INFO:_display_container: 2
2026-01-27 11:03:23,895:INFO:LinearDiscriminantAnalysis(covariance_estimator=None, n_components=None,
                           priors=None, shrinkage=None, solver='svd',
                           store_covariance=False, tol=0.0001)
2026-01-27 11:03:23,895:INFO:create_model() successfully completed......................................
2026-01-27 11:03:24,035:INFO:SubProcess create_model() end ==================================
2026-01-27 11:03:24,035:INFO:Creating metrics dataframe
2026-01-27 11:03:24,035:INFO:Initializing Extra Trees Classifier
2026-01-27 11:03:24,035:INFO:Total runtime is 0.24069093465805053 minutes
2026-01-27 11:03:24,035:INFO:SubProcess create_model() called ==================================
2026-01-27 11:03:24,035:INFO:Initializing create_model()
2026-01-27 11:03:24,035:INFO:create_model(self=<pycaret.classification.oop.ClassificationExperiment object at 0x000002D0E3F624D0>, estimator=et, fold=StratifiedKFold(n_splits=10, random_state=None, shuffle=False), round=4, cross_validation=True, predict=True, fit_kwargs={}, groups=None, refit=False, probability_threshold=None, experiment_custom_tags=None, verbose=False, system=False, add_to_model_list=True, metrics=None, display=<pycaret.internal.display.display.CommonDisplay object at 0x000002D12DA626B0>, model_only=True, return_train_score=False, error_score=0.0, kwargs={})
2026-01-27 11:03:24,035:INFO:Checking exceptions
2026-01-27 11:03:24,035:INFO:Importing libraries
2026-01-27 11:03:24,035:INFO:Copying training dataset
2026-01-27 11:03:24,035:INFO:Defining folds
2026-01-27 11:03:24,035:INFO:Declaring metric variables
2026-01-27 11:03:24,035:INFO:Importing untrained model
2026-01-27 11:03:24,035:INFO:Extra Trees Classifier Imported successfully
2026-01-27 11:03:24,035:INFO:Starting cross validation
2026-01-27 11:03:24,035:INFO:Cross validating with StratifiedKFold(n_splits=10, random_state=None, shuffle=False), n_jobs=-1
2026-01-27 11:03:24,395:INFO:Calculating mean and std
2026-01-27 11:03:24,395:INFO:Creating metrics dataframe
2026-01-27 11:03:24,395:INFO:Uploading results into container
2026-01-27 11:03:24,395:INFO:Uploading model into container now
2026-01-27 11:03:24,395:INFO:_master_model_container: 12
2026-01-27 11:03:24,395:INFO:_display_container: 2
2026-01-27 11:03:24,395:INFO:ExtraTreesClassifier(bootstrap=False, ccp_alpha=0.0, class_weight=None,
                     criterion='gini', max_depth=None, max_features='sqrt',
                     max_leaf_nodes=None, max_samples=None,
                     min_impurity_decrease=0.0, min_samples_leaf=1,
                     min_samples_split=2, min_weight_fraction_leaf=0.0,
                     monotonic_cst=None, n_estimators=100, n_jobs=-1,
                     oob_score=False, random_state=123, verbose=0,
                     warm_start=False)
2026-01-27 11:03:24,395:INFO:create_model() successfully completed......................................
2026-01-27 11:03:24,525:INFO:SubProcess create_model() end ==================================
2026-01-27 11:03:24,525:INFO:Creating metrics dataframe
2026-01-27 11:03:24,541:INFO:Initializing Extreme Gradient Boosting
2026-01-27 11:03:24,541:INFO:Total runtime is 0.24910916487375895 minutes
2026-01-27 11:03:24,541:INFO:SubProcess create_model() called ==================================
2026-01-27 11:03:24,541:INFO:Initializing create_model()
2026-01-27 11:03:24,541:INFO:create_model(self=<pycaret.classification.oop.ClassificationExperiment object at 0x000002D0E3F624D0>, estimator=xgboost, fold=StratifiedKFold(n_splits=10, random_state=None, shuffle=False), round=4, cross_validation=True, predict=True, fit_kwargs={}, groups=None, refit=False, probability_threshold=None, experiment_custom_tags=None, verbose=False, system=False, add_to_model_list=True, metrics=None, display=<pycaret.internal.display.display.CommonDisplay object at 0x000002D12DA626B0>, model_only=True, return_train_score=False, error_score=0.0, kwargs={})
2026-01-27 11:03:24,541:INFO:Checking exceptions
2026-01-27 11:03:24,541:INFO:Importing libraries
2026-01-27 11:03:24,541:INFO:Copying training dataset
2026-01-27 11:03:24,541:INFO:Defining folds
2026-01-27 11:03:24,541:INFO:Declaring metric variables
2026-01-27 11:03:24,541:INFO:Importing untrained model
2026-01-27 11:03:24,541:INFO:Extreme Gradient Boosting Imported successfully
2026-01-27 11:03:24,541:INFO:Starting cross validation
2026-01-27 11:03:24,541:INFO:Cross validating with StratifiedKFold(n_splits=10, random_state=None, shuffle=False), n_jobs=-1
2026-01-27 11:03:24,740:INFO:Calculating mean and std
2026-01-27 11:03:24,740:INFO:Creating metrics dataframe
2026-01-27 11:03:24,740:INFO:Uploading results into container
2026-01-27 11:03:24,740:INFO:Uploading model into container now
2026-01-27 11:03:24,740:INFO:_master_model_container: 13
2026-01-27 11:03:24,740:INFO:_display_container: 2
2026-01-27 11:03:24,740:INFO:XGBClassifier(base_score=None, booster='gbtree', callbacks=None,
              colsample_bylevel=None, colsample_bynode=None,
              colsample_bytree=None, device='cpu', early_stopping_rounds=None,
              enable_categorical=False, eval_metric=None, feature_types=None,
              feature_weights=None, gamma=None, grow_policy=None,
              importance_type=None, interaction_constraints=None,
              learning_rate=None, max_bin=None, max_cat_threshold=None,
              max_cat_to_onehot=None, max_delta_step=None, max_depth=None,
              max_leaves=None, min_child_weight=None, missing=nan,
              monotone_constraints=None, multi_strategy=None, n_estimators=None,
              n_jobs=-1, num_parallel_tree=None, ...)
2026-01-27 11:03:24,740:INFO:create_model() successfully completed......................................
2026-01-27 11:03:24,889:INFO:SubProcess create_model() end ==================================
2026-01-27 11:03:24,889:INFO:Creating metrics dataframe
2026-01-27 11:03:24,889:INFO:Initializing Light Gradient Boosting Machine
2026-01-27 11:03:24,889:INFO:Total runtime is 0.2549217661221822 minutes
2026-01-27 11:03:24,889:INFO:SubProcess create_model() called ==================================
2026-01-27 11:03:24,889:INFO:Initializing create_model()
2026-01-27 11:03:24,889:INFO:create_model(self=<pycaret.classification.oop.ClassificationExperiment object at 0x000002D0E3F624D0>, estimator=lightgbm, fold=StratifiedKFold(n_splits=10, random_state=None, shuffle=False), round=4, cross_validation=True, predict=True, fit_kwargs={}, groups=None, refit=False, probability_threshold=None, experiment_custom_tags=None, verbose=False, system=False, add_to_model_list=True, metrics=None, display=<pycaret.internal.display.display.CommonDisplay object at 0x000002D12DA626B0>, model_only=True, return_train_score=False, error_score=0.0, kwargs={})
2026-01-27 11:03:24,889:INFO:Checking exceptions
2026-01-27 11:03:24,889:INFO:Importing libraries
2026-01-27 11:03:24,889:INFO:Copying training dataset
2026-01-27 11:03:24,889:INFO:Defining folds
2026-01-27 11:03:24,889:INFO:Declaring metric variables
2026-01-27 11:03:24,889:INFO:Importing untrained model
2026-01-27 11:03:24,889:INFO:Light Gradient Boosting Machine Imported successfully
2026-01-27 11:03:24,889:INFO:Starting cross validation
2026-01-27 11:03:24,889:INFO:Cross validating with StratifiedKFold(n_splits=10, random_state=None, shuffle=False), n_jobs=-1
2026-01-27 11:03:25,378:INFO:Calculating mean and std
2026-01-27 11:03:25,379:INFO:Creating metrics dataframe
2026-01-27 11:03:25,379:INFO:Uploading results into container
2026-01-27 11:03:25,379:INFO:Uploading model into container now
2026-01-27 11:03:25,379:INFO:_master_model_container: 14
2026-01-27 11:03:25,379:INFO:_display_container: 2
2026-01-27 11:03:25,379:INFO:LGBMClassifier(boosting_type='gbdt', class_weight=None, colsample_bytree=1.0,
               importance_type='split', learning_rate=0.1, max_depth=-1,
               min_child_samples=20, min_child_weight=0.001, min_split_gain=0.0,
               n_estimators=100, n_jobs=-1, num_leaves=31, objective=None,
               random_state=123, reg_alpha=0.0, reg_lambda=0.0, subsample=1.0,
               subsample_for_bin=200000, subsample_freq=0)
2026-01-27 11:03:25,379:INFO:create_model() successfully completed......................................
2026-01-27 11:03:25,541:INFO:SubProcess create_model() end ==================================
2026-01-27 11:03:25,541:INFO:Creating metrics dataframe
2026-01-27 11:03:25,541:INFO:Initializing CatBoost Classifier
2026-01-27 11:03:25,541:INFO:Total runtime is 0.2657885471979777 minutes
2026-01-27 11:03:25,541:INFO:SubProcess create_model() called ==================================
2026-01-27 11:03:25,541:INFO:Initializing create_model()
2026-01-27 11:03:25,541:INFO:create_model(self=<pycaret.classification.oop.ClassificationExperiment object at 0x000002D0E3F624D0>, estimator=catboost, fold=StratifiedKFold(n_splits=10, random_state=None, shuffle=False), round=4, cross_validation=True, predict=True, fit_kwargs={}, groups=None, refit=False, probability_threshold=None, experiment_custom_tags=None, verbose=False, system=False, add_to_model_list=True, metrics=None, display=<pycaret.internal.display.display.CommonDisplay object at 0x000002D12DA626B0>, model_only=True, return_train_score=False, error_score=0.0, kwargs={})
2026-01-27 11:03:25,541:INFO:Checking exceptions
2026-01-27 11:03:25,541:INFO:Importing libraries
2026-01-27 11:03:25,541:INFO:Copying training dataset
2026-01-27 11:03:25,557:INFO:Defining folds
2026-01-27 11:03:25,557:INFO:Declaring metric variables
2026-01-27 11:03:25,557:INFO:Importing untrained model
2026-01-27 11:03:25,557:INFO:CatBoost Classifier Imported successfully
2026-01-27 11:03:25,557:INFO:Starting cross validation
2026-01-27 11:03:25,557:INFO:Cross validating with StratifiedKFold(n_splits=10, random_state=None, shuffle=False), n_jobs=-1
2026-01-27 11:03:30,723:INFO:Calculating mean and std
2026-01-27 11:03:30,723:INFO:Creating metrics dataframe
2026-01-27 11:03:30,723:INFO:Uploading results into container
2026-01-27 11:03:30,723:INFO:Uploading model into container now
2026-01-27 11:03:30,723:INFO:_master_model_container: 15
2026-01-27 11:03:30,723:INFO:_display_container: 2
2026-01-27 11:03:30,723:INFO:<catboost.core.CatBoostClassifier object at 0x000002D12DC00D30>
2026-01-27 11:03:30,723:INFO:create_model() successfully completed......................................
2026-01-27 11:03:30,889:INFO:SubProcess create_model() end ==================================
2026-01-27 11:03:30,889:INFO:Creating metrics dataframe
2026-01-27 11:03:30,889:INFO:Initializing Dummy Classifier
2026-01-27 11:03:30,889:INFO:Total runtime is 0.354914383093516 minutes
2026-01-27 11:03:30,889:INFO:SubProcess create_model() called ==================================
2026-01-27 11:03:30,889:INFO:Initializing create_model()
2026-01-27 11:03:30,889:INFO:create_model(self=<pycaret.classification.oop.ClassificationExperiment object at 0x000002D0E3F624D0>, estimator=dummy, fold=StratifiedKFold(n_splits=10, random_state=None, shuffle=False), round=4, cross_validation=True, predict=True, fit_kwargs={}, groups=None, refit=False, probability_threshold=None, experiment_custom_tags=None, verbose=False, system=False, add_to_model_list=True, metrics=None, display=<pycaret.internal.display.display.CommonDisplay object at 0x000002D12DA626B0>, model_only=True, return_train_score=False, error_score=0.0, kwargs={})
2026-01-27 11:03:30,889:INFO:Checking exceptions
2026-01-27 11:03:30,889:INFO:Importing libraries
2026-01-27 11:03:30,889:INFO:Copying training dataset
2026-01-27 11:03:30,889:INFO:Defining folds
2026-01-27 11:03:30,889:INFO:Declaring metric variables
2026-01-27 11:03:30,889:INFO:Importing untrained model
2026-01-27 11:03:30,889:INFO:Dummy Classifier Imported successfully
2026-01-27 11:03:30,889:INFO:Starting cross validation
2026-01-27 11:03:30,889:INFO:Cross validating with StratifiedKFold(n_splits=10, random_state=None, shuffle=False), n_jobs=-1
2026-01-27 11:03:30,938:WARNING:C:\Users\SciLab\Documents\kittiphong\dstoolbox week8\dstoolbox-wk08\.venv\lib\site-packages\sklearn\metrics\_classification.py:1509: UndefinedMetricWarning: Precision is ill-defined and being set to 0.0 due to no predicted samples. Use `zero_division` parameter to control this behavior.
  _warn_prf(average, modifier, f"{metric.capitalize()} is", len(result))

2026-01-27 11:03:30,938:WARNING:C:\Users\SciLab\Documents\kittiphong\dstoolbox week8\dstoolbox-wk08\.venv\lib\site-packages\sklearn\metrics\_classification.py:1509: UndefinedMetricWarning: Precision is ill-defined and being set to 0.0 due to no predicted samples. Use `zero_division` parameter to control this behavior.
  _warn_prf(average, modifier, f"{metric.capitalize()} is", len(result))

2026-01-27 11:03:30,941:WARNING:C:\Users\SciLab\Documents\kittiphong\dstoolbox week8\dstoolbox-wk08\.venv\lib\site-packages\sklearn\metrics\_classification.py:1509: UndefinedMetricWarning: Precision is ill-defined and being set to 0.0 due to no predicted samples. Use `zero_division` parameter to control this behavior.
  _warn_prf(average, modifier, f"{metric.capitalize()} is", len(result))

2026-01-27 11:03:30,944:WARNING:C:\Users\SciLab\Documents\kittiphong\dstoolbox week8\dstoolbox-wk08\.venv\lib\site-packages\sklearn\metrics\_classification.py:1509: UndefinedMetricWarning: Precision is ill-defined and being set to 0.0 due to no predicted samples. Use `zero_division` parameter to control this behavior.
  _warn_prf(average, modifier, f"{metric.capitalize()} is", len(result))

2026-01-27 11:03:30,951:WARNING:C:\Users\SciLab\Documents\kittiphong\dstoolbox week8\dstoolbox-wk08\.venv\lib\site-packages\sklearn\metrics\_classification.py:1509: UndefinedMetricWarning: Precision is ill-defined and being set to 0.0 due to no predicted samples. Use `zero_division` parameter to control this behavior.
  _warn_prf(average, modifier, f"{metric.capitalize()} is", len(result))

2026-01-27 11:03:30,953:WARNING:C:\Users\SciLab\Documents\kittiphong\dstoolbox week8\dstoolbox-wk08\.venv\lib\site-packages\sklearn\metrics\_classification.py:1509: UndefinedMetricWarning: Precision is ill-defined and being set to 0.0 due to no predicted samples. Use `zero_division` parameter to control this behavior.
  _warn_prf(average, modifier, f"{metric.capitalize()} is", len(result))

2026-01-27 11:03:30,953:WARNING:C:\Users\SciLab\Documents\kittiphong\dstoolbox week8\dstoolbox-wk08\.venv\lib\site-packages\sklearn\metrics\_classification.py:1509: UndefinedMetricWarning: Precision is ill-defined and being set to 0.0 due to no predicted samples. Use `zero_division` parameter to control this behavior.
  _warn_prf(average, modifier, f"{metric.capitalize()} is", len(result))

2026-01-27 11:03:30,958:WARNING:C:\Users\SciLab\Documents\kittiphong\dstoolbox week8\dstoolbox-wk08\.venv\lib\site-packages\sklearn\metrics\_classification.py:1509: UndefinedMetricWarning: Precision is ill-defined and being set to 0.0 due to no predicted samples. Use `zero_division` parameter to control this behavior.
  _warn_prf(average, modifier, f"{metric.capitalize()} is", len(result))

2026-01-27 11:03:30,959:WARNING:C:\Users\SciLab\Documents\kittiphong\dstoolbox week8\dstoolbox-wk08\.venv\lib\site-packages\sklearn\metrics\_classification.py:1509: UndefinedMetricWarning: Precision is ill-defined and being set to 0.0 due to no predicted samples. Use `zero_division` parameter to control this behavior.
  _warn_prf(average, modifier, f"{metric.capitalize()} is", len(result))

2026-01-27 11:03:30,977:INFO:Calculating mean and std
2026-01-27 11:03:30,977:INFO:Creating metrics dataframe
2026-01-27 11:03:30,977:INFO:Uploading results into container
2026-01-27 11:03:30,977:INFO:Uploading model into container now
2026-01-27 11:03:30,977:INFO:_master_model_container: 16
2026-01-27 11:03:30,977:INFO:_display_container: 2
2026-01-27 11:03:30,977:INFO:DummyClassifier(constant=None, random_state=123, strategy='prior')
2026-01-27 11:03:30,977:INFO:create_model() successfully completed......................................
2026-01-27 11:03:31,138:INFO:SubProcess create_model() end ==================================
2026-01-27 11:03:31,138:INFO:Creating metrics dataframe
2026-01-27 11:03:31,141:WARNING:C:\Users\SciLab\Documents\kittiphong\dstoolbox week8\dstoolbox-wk08\.venv\lib\site-packages\pycaret\internal\pycaret_experiment\supervised_experiment.py:323: FutureWarning: Styler.applymap has been deprecated. Use Styler.map instead.

2026-01-27 11:03:31,143:INFO:Initializing create_model()
2026-01-27 11:03:31,143:INFO:create_model(self=<pycaret.classification.oop.ClassificationExperiment object at 0x000002D0E3F624D0>, estimator=LogisticRegression(C=1.0, class_weight=None, dual=False, fit_intercept=True,
                   intercept_scaling=1, l1_ratio=None, max_iter=1000,
                   multi_class='auto', n_jobs=None, penalty='l2',
                   random_state=123, solver='lbfgs', tol=0.0001, verbose=0,
                   warm_start=False), fold=StratifiedKFold(n_splits=10, random_state=None, shuffle=False), round=4, cross_validation=False, predict=False, fit_kwargs={}, groups=None, refit=True, probability_threshold=None, experiment_custom_tags=None, verbose=False, system=False, add_to_model_list=True, metrics=None, display=None, model_only=True, return_train_score=False, error_score=0.0, kwargs={})
2026-01-27 11:03:31,143:INFO:Checking exceptions
2026-01-27 11:03:31,144:INFO:Importing libraries
2026-01-27 11:03:31,144:INFO:Copying training dataset
2026-01-27 11:03:31,144:INFO:Defining folds
2026-01-27 11:03:31,144:INFO:Declaring metric variables
2026-01-27 11:03:31,144:INFO:Importing untrained model
2026-01-27 11:03:31,144:INFO:Declaring custom model
2026-01-27 11:03:31,144:INFO:Logistic Regression Imported successfully
2026-01-27 11:03:31,144:INFO:Cross validation set to False
2026-01-27 11:03:31,144:INFO:Fitting Model
2026-01-27 11:03:31,167:INFO:LogisticRegression(C=1.0, class_weight=None, dual=False, fit_intercept=True,
                   intercept_scaling=1, l1_ratio=None, max_iter=1000,
                   multi_class='auto', n_jobs=None, penalty='l2',
                   random_state=123, solver='lbfgs', tol=0.0001, verbose=0,
                   warm_start=False)
2026-01-27 11:03:31,167:INFO:create_model() successfully completed......................................
2026-01-27 11:03:31,335:INFO:_master_model_container: 16
2026-01-27 11:03:31,335:INFO:_display_container: 2
2026-01-27 11:03:31,336:INFO:LogisticRegression(C=1.0, class_weight=None, dual=False, fit_intercept=True,
                   intercept_scaling=1, l1_ratio=None, max_iter=1000,
                   multi_class='auto', n_jobs=None, penalty='l2',
                   random_state=123, solver='lbfgs', tol=0.0001, verbose=0,
                   warm_start=False)
2026-01-27 11:03:31,336:INFO:compare_models() successfully completed......................................
